the <blue>quick<reset> brown <red>fox<reset> jumps over the lazy dog.
