The quick brown <blue>fox<reset> jumps over the lazy dog
